> Task :app:checkKotlinGradlePluginConfigurationErrors
> Task :app:preBuild UP-TO-DATE
> Task :app:preDebugBuild UP-TO-DATE
> Task :app:checkDebugAarMetadata UP-TO-DATE
> Task :app:generateDebugResValues UP-TO-DATE
> Task :app:mapDebugSourceSetPaths UP-TO-DATE
> Task :app:generateDebugResources UP-TO-DATE
> Task :app:mergeDebugResources UP-TO-DATE
> Task :app:packageDebugResources UP-TO-DATE
> Task :app:parseDebugLocalResources UP-TO-DATE
> Task :app:createDebugCompatibleScreenManifests UP-TO-DATE
> Task :app:extractDeepLinksDebug UP-TO-DATE
> Task :app:processDebugMainManifest UP-TO-DATE
> Task :app:processDebugManifest UP-TO-DATE
> Task :app:processDebugManifestForPackage UP-TO-DATE
> Task :app:processDebugResources UP-TO-DATE
> Task :app:kspDebugKotlin UP-TO-DATE

> Task :app:compileDebugKotlin FAILED
.\gradlew.bat : e: file:///C:/Code/M3U8Recorder/app/src/main/java/com/dl/m3u8recorder/llhls/Fmp4FragmentParser.kt:30:15
 Conflicting declarations: public companion object, public companion object
At line:15 char:8084
+ ... U8Recorder; .\gradlew.bat compileDebugKotlin 2>&1 > build_errors.txt; ...
+                 ~~~~~~~~~~~~~~~~~~~~~~~~~~~~~~~~~~~~~~~~~~~~~~~~~~~~~~~~
    + CategoryInfo          : NotSpecified: (e: file:///C:/C...ompanion object:String) [], RemoteException
    + FullyQualifiedErrorId : NativeCommandError
 
e: file:///C:/Code/M3U8Recorder/app/src/main/java/com/dl/m3u8recorder/llhls/Fmp4FragmentParser.kt:258:5 Only one compan
ion object is allowed per class
e: file:///C:/Code/M3U8Recorder/app/src/main/java/com/dl/m3u8recorder/llhls/Fmp4FragmentParser.kt:258:15 Conflicting de
clarations: public companion object, public companion object
e: file:///C:/Code/M3U8Recorder/app/src/main/java/com/dl/m3u8recorder/llhls/RealTimeMuxer.kt:56:49 Unresolved reference
: parseTimescaleFromInitSegment
e: file:///C:/Code/M3U8Recorder/app/src/main/java/com/dl/m3u8recorder/llhls/RealTimeMuxer.kt:72:49 Unresolved reference
: parseTimescaleFromInitSegment

FAILURE: Build failed with an exception.

* What went wrong:
Execution failed for task ':app:compileDebugKotlin'.
> A failure occurred while executing org.jetbrains.kotlin.compilerRunner.GradleCompilerRunnerWithWorkers$GradleKotlinCo
mpilerWorkAction
   > Compilation error. See log for more details

* Try:
> Run with --stacktrace option to get the stack trace.
> Run with --info or --debug option to get more log output.
> Run with --scan to get full insights.
> Get more help at https://help.gradle.org.

BUILD FAILED in 5s
16 actionable tasks: 2 executed, 14 up-to-date
